[landkit.goodthemes.co/index.html]
[landkit.goodthemes.co/assets/fonts/Feather/feather.css]
[landkit.goodthemes.co/assets/libs/flickity/dist/flickity.min.css]
[landkit.goodthemes.co/assets/libs/flickity-fade/flickity-fade.css]
[landkit.goodthemes.co/assets/libs/aos/dist/aos.css]
[landkit.goodthemes.co/assets/libs/jarallax/dist/jarallax.css]
[landkit.goodthemes.co/assets/libs/highlightjs/styles/vs2015.css]
[landkit.goodthemes.co/assets/libs/@fancyapps/fancybox/dist/jquery.fancybox.min.css]
[api.mapbox.com/mapbox-gl-js/v0.53.0/mapbox-gl.css]
[backblue.gif]
[fade.gif]
[index.html]
[landkit.goodthemes.co/assets/css/theme.min.css]
[landkit.goodthemes.co/assets/img/illustrations/illustration-1.png]
[landkit.goodthemes.co/assets/img/photos/photo-8.jpg]
[landkit.goodthemes.co/signin-illustration.html]
[landkit.goodthemes.co/assets/img/photos/photo-7.jpg]
[landkit.goodthemes.co/assets/img/photos/photo-1.jpg]
[landkit.goodthemes.co/assets/img/photos/photo-21.jpg]
[landkit.goodthemes.co/assets/img/brand.svg]
[landkit.goodthemes.co/assets/img/photos/photo-3.jpg]
[landkit.goodthemes.co/index-2.html]
[landkit.goodthemes.co/overview.html]
[landkit.goodthemes.co/coworking.html]
[landkit.goodthemes.co/rental.html]
[landkit.goodthemes.co/job.html]
[landkit.goodthemes.co/desktop-app.html]
[landkit.goodthemes.co/mobile-app.html]
[landkit.goodthemes.co/enterprise.html]
[landkit.goodthemes.co/service.html]
[landkit.goodthemes.co/cloud.html]
[landkit.goodthemes.co/careers.html]
[landkit.goodthemes.co/career-single.html]
[landkit.goodthemes.co/about.html]
[landkit.goodthemes.co/pricing.html]
[landkit.goodthemes.co/terms-of-service.html]
[landkit.goodthemes.co/help-center.html]
[landkit.goodthemes.co/help-center-article.html]
[landkit.goodthemes.co/contact.html]
[landkit.goodthemes.co/contact-alt.html]
[landkit.goodthemes.co/blog.html]
[landkit.goodthemes.co/blog-post.html]
[landkit.goodthemes.co/blog-showcase.html]
[landkit.goodthemes.co/blog-search.html]
[landkit.goodthemes.co/signin-cover.html]
[landkit.goodthemes.co/signin.html]
[landkit.goodthemes.co/signup-cover.html]
[landkit.goodthemes.co/signup-illustration.html]
[landkit.goodthemes.co/signup.html]
[landkit.goodthemes.co/password-reset-cover.html]
[landkit.goodthemes.co/password-reset-illustration.html]
[landkit.goodthemes.co/password-reset.html]
[landkit.goodthemes.co/error-cover.html]
[landkit.goodthemes.co/error-illustration.html]
[landkit.goodthemes.co/error.html]
[landkit.goodthemes.co/docs/index.html]
[landkit.goodthemes.co/docs/alerts.html]
[landkit.goodthemes.co/docs/changelog.html]
[landkit.goodthemes.co/assets/img/illustrations/illustration-2.png]
[landkit.goodthemes.co/assets/img/photos/photo-2.jpg]
[landkit.goodthemes.co/assets/img/screenshots/desktop/dashkit.jpg]
[landkit.goodthemes.co/assets/img/photos/photo-26.jpg]
[landkit.goodthemes.co/assets/img/illustrations/illustration-8.png]
[landkit.goodthemes.co/assets/img/icons/social/instagram.svg]
[landkit.goodthemes.co/assets/img/icons/social/facebook.svg]
[landkit.goodthemes.co/assets/img/icons/social/twitter.svg]
[landkit.goodthemes.co/assets/img/icons/social/pinterest.svg]
[landkit.goodthemes.co/assets/libs/jquery/dist/jquery.min.js]
[landkit.goodthemes.co/assets/libs/bootstrap/dist/js/bootstrap.bundle.min.js]
[landkit.goodthemes.co/assets/libs/flickity/dist/flickity.pkgd.min.js]
[landkit.goodthemes.co/assets/libs/flickity-fade/flickity-fade.js]
[landkit.goodthemes.co/assets/libs/aos/dist/aos.js]
[landkit.goodthemes.co/assets/libs/smooth-scroll/dist/smooth-scroll.min.js]
[landkit.goodthemes.co/assets/libs/jarallax/dist/jarallax.min.js]
[landkit.goodthemes.co/assets/libs/jarallax/dist/jarallax-video.min.js]
[landkit.goodthemes.co/assets/libs/jarallax/dist/jarallax-element.min.js]
[landkit.goodthemes.co/assets/libs/typed.js/lib/typed.min.js]
[landkit.goodthemes.co/assets/libs/countup.js/dist/countUp.min.js]
[landkit.goodthemes.co/assets/libs/@fancyapps/fancybox/dist/jquery.fancybox.min.js]
[landkit.goodthemes.co/assets/libs/highlightjs/highlight.pack.min.js]
[landkit.goodthemes.co/assets/js/theme.min.js]
[landkit.goodthemes.co/index.html]
[api.mapbox.com/mapbox-gl-js/v0.53.0/mapbox-gl.js]
[landkit.goodthemes.co/assets/fonts/Feather/fonts/Feather144f.ttf]
[landkit.goodthemes.co/assets/fonts/Feather/fonts/Feather144f.woff]
[landkit.goodthemes.co/assets/fonts/Feather/feather.css]
[landkit.goodthemes.co/assets/libs/flickity/dist/flickity.min.css]
[landkit.goodthemes.co/assets/libs/flickity-fade/flickity-fade.css]
[landkit.goodthemes.co/assets/libs/aos/dist/aos.css]
[landkit.goodthemes.co/assets/libs/jarallax/dist/jarallax.css]
[landkit.goodthemes.co/assets/libs/highlightjs/styles/vs2015.css]
[landkit.goodthemes.co/assets/libs/@fancyapps/fancybox/dist/jquery.fancybox.min.css]
[api.mapbox.com/mapbox-gl-js/v0.53.0/mapbox-gl.css]
[landkit.goodthemes.co/assets/fonts/Feather/fonts/Feather144f.svg]
[landkit.goodthemes.co/assets/fonts/HK Grotesk Pro/HKGroteskPro-Regular.woff2]
[landkit.goodthemes.co/assets/fonts/HK Grotesk Pro/HKGroteskPro-Regular.woff]
[landkit.goodthemes.co/assets/fonts/HK Grotesk Pro/HKGroteskPro-Medium.woff2]
[landkit.goodthemes.co/assets/fonts/HK Grotesk Pro/HKGroteskPro-Medium.woff]
[landkit.goodthemes.co/assets/img/masks/avatar-status.svg]
[landkit.goodthemes.co/assets/img/masks/avatar-group.svg]
[landkit.goodthemes.co/assets/img/masks/avatar-group-hover.svg]
[landkit.goodthemes.co/assets/img/masks/avatar-group-hover-last.svg]
[landkit.goodthemes.co/assets/css/theme.min.css]
[landkit.goodthemes.co/signin-illustration.html]
[landkit.goodthemes.co/index-2.html]
[landkit.goodthemes.co/assets/img/brand.svg]
[landkit.goodthemes.co/assets/img/screenshots/landkit/landing/homepage.jpg]
[landkit.goodthemes.co/assets/img/screenshots/landkit/landing/coworking.jpg]
[landkit.goodthemes.co/assets/img/screenshots/landkit/landing/jobs.jpg]
[landkit.goodthemes.co/assets/img/screenshots/landkit/landing/service.jpg]
[landkit.goodthemes.co/assets/img/screenshots/landkit/landing/desktop.jpg]
[landkit.goodthemes.co/assets/img/screenshots/landkit/landing/rental.jpg]
[landkit.goodthemes.co/assets/img/screenshots/landkit/landing/mobile.jpg]
[landkit.goodthemes.co/assets/img/screenshots/landkit/landing/cloud.jpg]
[landkit.goodthemes.co/assets/img/screenshots/landkit/landing/enterprise.jpg]
[landkit.goodthemes.co/assets/img/screenshots/landkit/pages/about.jpg]
[landkit.goodthemes.co/assets/img/screenshots/landkit/pages/pricing.jpg]
[landkit.goodthemes.co/assets/img/screenshots/landkit/pages/help-center.jpg]
[landkit.goodthemes.co/assets/img/screenshots/landkit/pages/help-center-article.jpg]
[landkit.goodthemes.co/assets/img/screenshots/landkit/pages/contact-alt.jpg]
[landkit.goodthemes.co/assets/img/screenshots/landkit/pages/contact.jpg]
[landkit.goodthemes.co/assets/img/screenshots/landkit/pages/career.jpg]
[landkit.goodthemes.co/assets/img/screenshots/landkit/pages/career-listing.jpg]
[landkit.goodthemes.co/assets/img/screenshots/landkit/pages/terms.jpg]
[landkit.goodthemes.co/assets/img/screenshots/landkit/pages/blog-rich.jpg]
[landkit.goodthemes.co/assets/img/screenshots/landkit/pages/blog-post.jpg]
[landkit.goodthemes.co/assets/img/screenshots/landkit/pages/blog-showcase.jpg]
[landkit.goodthemes.co/assets/img/screenshots/landkit/pages/blog-search.jpg]
[landkit.goodthemes.co/assets/img/screenshots/landkit/account/signin-cover.jpg]
[landkit.goodthemes.co/assets/img/screenshots/landkit/account/signin-illustration.jpg]
[landkit.goodthemes.co/assets/img/screenshots/landkit/account/signin.jpg]
[landkit.goodthemes.co/assets/img/screenshots/landkit/account/signin-modal-horizontal.jpg]
[landkit.goodthemes.co/assets/img/screenshots/landkit/account/signin-modal-vertical.jpg]
[landkit.goodthemes.co/assets/img/screenshots/landkit/account/signup-cover.jpg]
[landkit.goodthemes.co/assets/img/screenshots/landkit/account/signup-illustration.jpg]
[landkit.goodthemes.co/assets/img/screenshots/landkit/account/signup.jpg]
[landkit.goodthemes.co/assets/img/screenshots/landkit/account/signup-modal-horizontal.jpg]
[landkit.goodthemes.co/assets/img/screenshots/landkit/account/signup-modal-vertical.jpg]
[landkit.goodthemes.co/assets/img/screenshots/landkit/account/password-reset-cover.jpg]
[landkit.goodthemes.co/assets/img/screenshots/landkit/account/password-reset-illustration.jpg]
[landkit.goodthemes.co/assets/img/screenshots/landkit/account/password-reset.jpg]
[landkit.goodthemes.co/assets/img/screenshots/landkit/account/error-cover.jpg]
[landkit.goodthemes.co/assets/img/screenshots/landkit/account/error-illustration.jpg]
[landkit.goodthemes.co/assets/img/screenshots/landkit/account/error.jpg]
[landkit.goodthemes.co/overview.html]
[landkit.goodthemes.co/assets/img/covers/cover-12.jpg]
[landkit.goodthemes.co/assets/img/covers/cover-2.jpg]
[landkit.goodthemes.co/assets/img/covers/cover-9.jpg]
[landkit.goodthemes.co/assets/img/photos/photo-4.jpg]
[landkit.goodthemes.co/assets/img/photos/photo-5.jpg]
[landkit.goodthemes.co/assets/img/photos/photo-6.jpg]
[landkit.goodthemes.co/coworking.html]
[landkit.goodthemes.co/assets/img/covers/cover-6.jpg]
[landkit.goodthemes.co/assets/img/screenshots/desktop/rental.jpg]
[landkit.goodthemes.co/assets/img/illustrations/illustration-3.png]
[landkit.goodthemes.co/assets/img/avatars/avatar-1.jpg]
[landkit.goodthemes.co/assets/img/avatars/avatar-2.jpg]
[landkit.goodthemes.co/assets/img/covers/cover-8.jpg]
[landkit.goodthemes.co/rental.html]
[landkit.goodthemes.co/assets/img/covers/cover-3.jpg]
[landkit.goodthemes.co/assets/img/photos/photo-13.jpg]
[landkit.goodthemes.co/assets/img/photos/photo-14.jpg]
[landkit.goodthemes.co/assets/img/photos/photo-15.jpg]
[landkit.goodthemes.co/assets/img/covers/cover-7.jpg]
[landkit.goodthemes.co/assets/img/screenshots/mobile/jobs.jpg]
[landkit.goodthemes.co/assets/img/devices/iphonex.svg]
[landkit.goodthemes.co/assets/img/screenshots/desktop/jobs.jpg]
[landkit.goodthemes.co/assets/img/devices/macbook.svg]
[landkit.goodthemes.co/job.html]
[landkit.goodthemes.co/assets/img/screenshots/ui/dashkit-layered.png]
[landkit.goodthemes.co/assets/img/photos/photo-10.jpg]
[landkit.goodthemes.co/assets/img/photos/photo-12.jpg]
[landkit.goodthemes.co/assets/img/photos/photo-9.jpg]
[landkit.goodthemes.co/assets/img/photos/photo-11.jpg]
[landkit.goodthemes.co/assets/img/screenshots/desktop/dashkit-alt-dark.jpg]
[landkit.goodthemes.co/desktop-app.html]
[landkit.goodthemes.co/assets/img/patterns/pattern-1.svg]
[landkit.goodthemes.co/assets/img/screenshots/mobile/home.jpg]
[landkit.goodthemes.co/assets/img/screenshots/mobile/rental.jpg]
[landkit.goodthemes.co/assets/img/photos/photo-23.jpg]
[landkit.goodthemes.co/assets/img/photos/photo-25.jpg]
[landkit.goodthemes.co/assets/img/photos/photo-22.jpg]
[landkit.goodthemes.co/assets/img/photos/photo-24.jpg]
[landkit.goodthemes.co/assets/img/screenshots/ui/mobile-chat.png]
[landkit.goodthemes.co/assets/img/buttons/button-app.png]
[landkit.goodthemes.co/assets/img/buttons/button-play.png]
[landkit.goodthemes.co/mobile-app.html]
[landkit.goodthemes.co/assets/img/illustrations/illustration-4.png]
[landkit.goodthemes.co/assets/img/illustrations/illustration-7.png]
[landkit.goodthemes.co/assets/img/illustrations/illustration-6.png]
[landkit.goodthemes.co/assets/img/covers/cover-1.jpg]
[landkit.goodthemes.co/enterprise.html]
[landkit.goodthemes.co/assets/img/screenshots/mobile/dashkit-alt.jpg]
[landkit.goodthemes.co/assets/img/screenshots/desktop/dashkit-alt.jpg]
[landkit.goodthemes.co/assets/img/illustrations/illustration-1-cropped.png]
[landkit.goodthemes.co/assets/img/illustrations/illustration-3-cropped.png]
[landkit.goodthemes.co/service.html]
[landkit.goodthemes.co/assets/img/illustrations/illustration-6-cropped.png]
[landkit.goodthemes.co/assets/img/illustrations/illustration-4-cropped.png]
[landkit.goodthemes.co/cloud.html]
[landkit.goodthemes.co/assets/img/covers/cover-13.jpg]
[landkit.goodthemes.co/assets/img/covers/cover-4.jpg]
[landkit.goodthemes.co/careers.html]
[landkit.goodthemes.co/career-single.html]
[landkit.goodthemes.co/assets/img/photos/photo-16.jpg]
[landkit.goodthemes.co/assets/img/photos/photo-17.jpg]
[landkit.goodthemes.co/assets/img/photos/photo-18.jpg]
[landkit.goodthemes.co/assets/img/photos/photo-19.jpg]
[landkit.goodthemes.co/assets/img/photos/photo-20.jpg]
[landkit.goodthemes.co/assets/img/covers/cover-11.jpg]
[landkit.goodthemes.co/about.html]
[landkit.goodthemes.co/pricing.html]
[landkit.goodthemes.co/terms-of-service.html]
[landkit.goodthemes.co/help-center.html]
[landkit.goodthemes.co/help-center-article.html]
[landkit.goodthemes.co/assets/img/covers/cover-5.jpg]
[landkit.goodthemes.co/contact.html]
[landkit.goodthemes.co/assets/img/covers/cover-10.jpg]
[landkit.goodthemes.co/contact-alt.html]
[landkit.goodthemes.co/assets/img/photos/photo-27.jpg]
[landkit.goodthemes.co/assets/img/photos/photo-28.jpg]
[landkit.goodthemes.co/assets/img/photos/photo-29.jpg]
[landkit.goodthemes.co/blog.html]
[landkit.goodthemes.co/assets/img/photos/photo-30.jpg]
[landkit.goodthemes.co/assets/img/covers/cover-15.jpg]
[landkit.goodthemes.co/blog-post.html]
[landkit.goodthemes.co/assets/img/covers/cover-17.jpg]
[landkit.goodthemes.co/blog-showcase.html]
[landkit.goodthemes.co/blog-search.html]
[landkit.goodthemes.co/assets/img/covers/cover-14.jpg]
[landkit.goodthemes.co/signin-cover.html]
[landkit.goodthemes.co/signin.html]
[landkit.goodthemes.co/signup-cover.html]
[landkit.goodthemes.co/signup-illustration.html]
[landkit.goodthemes.co/signup.html]
[landkit.goodthemes.co/password-reset-cover.html]
[landkit.goodthemes.co/password-reset-illustration.html]
[landkit.goodthemes.co/password-reset.html]
[landkit.goodthemes.co/assets/img/covers/cover-16.jpg]
[landkit.goodthemes.co/error-cover.html]
[landkit.goodthemes.co/error-illustration.html]
[landkit.goodthemes.co/error.html]
[landkit.goodthemes.co/docs/avatars.html]
[landkit.goodthemes.co/docs/badges.html]
[landkit.goodthemes.co/docs/breadcrumb.html]
[landkit.goodthemes.co/docs/buttons.html]
[landkit.goodthemes.co/docs/cards.html]
[landkit.goodthemes.co/docs/devices.html]
[landkit.goodthemes.co/docs/dropdowns.html]
[landkit.goodthemes.co/docs/forms.html]
[landkit.goodthemes.co/docs/lists.html]
[landkit.goodthemes.co/docs/icons.html]
[landkit.goodthemes.co/docs/modal.html]
[landkit.goodthemes.co/docs/navbar.html]
[landkit.goodthemes.co/docs/navs.html]
[landkit.goodthemes.co/docs/pagination.html]
[landkit.goodthemes.co/docs/popovers.html]
[landkit.goodthemes.co/docs/progress.html]
[landkit.goodthemes.co/docs/screenshot.html]
[landkit.goodthemes.co/docs/shapes.html]
[landkit.goodthemes.co/docs/spinners.html]
[landkit.goodthemes.co/docs/switches.html]
[landkit.goodthemes.co/docs/tables.html]
[landkit.goodthemes.co/docs/toasts.html]
[landkit.goodthemes.co/docs/tooltips.html]
[landkit.goodthemes.co/docs/typography.html]
[landkit.goodthemes.co/docs/aos.html]
[landkit.goodthemes.co/docs/countup.html]
[landkit.goodthemes.co/docs/fancybox.html]
[landkit.goodthemes.co/docs/flickity.html]
[landkit.goodthemes.co/docs/jarallax.html]
[landkit.goodthemes.co/docs/map.html]
[landkit.goodthemes.co/docs/smooth-scroll.html]
[landkit.goodthemes.co/docs/typed.html]
[landkit.goodthemes.co/docs/background.html]
[landkit.goodthemes.co/docs/borders.html]
[landkit.goodthemes.co/docs/images.html]
[landkit.goodthemes.co/docs/lift.html]
[landkit.goodthemes.co/docs/overlay.html]
[landkit.goodthemes.co/docs/position.html]
[landkit.goodthemes.co/docs/shadows.html]
[landkit.goodthemes.co/docs/sizing.html]
[landkit.goodthemes.co/docs/type.html]
[landkit.goodthemes.co/docs/visibility.html]
[landkit.goodthemes.co/docs/figma.html]
[landkit.goodthemes.co/docs/components.html]
[landkit.goodthemes.co/docs/index.html]
[landkit.goodthemes.co/docs/alerts.html]
[landkit.goodthemes.co/docs/changelog.html]
[landkit.goodthemes.co/assets/img/icons/social/instagram.svg]
[landkit.goodthemes.co/assets/img/icons/social/facebook.svg]
[landkit.goodthemes.co/assets/img/icons/social/twitter.svg]
[landkit.goodthemes.co/assets/img/icons/social/pinterest.svg]
[landkit.goodthemes.co/assets/fonts/Feather/fonts/Feather144f.svg]
[landkit.goodthemes.co/assets/img/masks/avatar-status.svg]
[landkit.goodthemes.co/assets/img/masks/avatar-group.svg]
[landkit.goodthemes.co/assets/img/masks/avatar-group-hover.svg]
[landkit.goodthemes.co/assets/img/masks/avatar-group-hover-last.svg]
[landkit.goodthemes.co/assets/img/devices/iphonex.svg]
[landkit.goodthemes.co/assets/img/devices/macbook.svg]
[landkit.goodthemes.co/assets/img/patterns/pattern-1.svg]
[landkit.goodthemes.co/docs/avatars.html]
[landkit.goodthemes.co/docs/badges.html]
[landkit.goodthemes.co/docs/breadcrumb.html]
[landkit.goodthemes.co/docs/buttons.html]
[landkit.goodthemes.co/docs/cards.html]
[landkit.goodthemes.co/docs/devices.html]
[landkit.goodthemes.co/docs/dropdowns.html]
[landkit.goodthemes.co/docs/forms.html]
[landkit.goodthemes.co/docs/icons.html]
[landkit.goodthemes.co/docs/background.scss]
[landkit.goodthemes.co/docs/borders.scss]
[landkit.goodthemes.co/docs/images.scss]
[landkit.goodthemes.co/docs/lift.scss]
[landkit.goodthemes.co/docs/lists.html]
[landkit.goodthemes.co/docs/modal.html]
[landkit.goodthemes.co/docs/signin-cover.html]
[landkit.goodthemes.co/docs/signin-illustration.html]
[landkit.goodthemes.co/docs/signin.html]
[landkit.goodthemes.co/docs/signup-cover.html]
[landkit.goodthemes.co/docs/signup-illustration.html]
[landkit.goodthemes.co/docs/signup.html]
[landkit.goodthemes.co/docs/password-reset-cover.html]
[landkit.goodthemes.co/docs/password-reset-illustration.html]
[landkit.goodthemes.co/docs/password-reset.html]
[landkit.goodthemes.co/docs/error-cover.html]
[landkit.goodthemes.co/docs/error-illustration.html]
[landkit.goodthemes.co/docs/error.html]
[landkit.goodthemes.co/docs/navbar.html]
[landkit.goodthemes.co/docs/navs.html]
[landkit.goodthemes.co/docs/pagination.html]
[landkit.goodthemes.co/docs/popovers.html]
[landkit.goodthemes.co/docs/progress.html]
[landkit.goodthemes.co/docs/screenshot.html]
[landkit.goodthemes.co/docs/shapes.html]
[landkit.goodthemes.co/docs/spinners.html]
[landkit.goodthemes.co/docs/switches.html]
[landkit.goodthemes.co/docs/tables.html]
[landkit.goodthemes.co/docs/toasts.html]
[landkit.goodthemes.co/docs/tooltips.html]
[landkit.goodthemes.co/docs/typography.html]
[landkit.goodthemes.co/docs/aos.html]
[landkit.goodthemes.co/docs/countup.html]
[img.youtube.com/vi/9I-Y6VQ6tyI/maxresdefault.jpg]
[landkit.goodthemes.co/docs/fancybox.html]
[landkit.goodthemes.co/docs/flickity.html]
[landkit.goodthemes.co/docs/jarallax.html]
[landkit.goodthemes.co/docs/map.html]
[landkit.goodthemes.co/docs/smooth-scroll.html]
[landkit.goodthemes.co/docs/typed.html]
[landkit.goodthemes.co/docs/background.html]
[landkit.goodthemes.co/docs/borders.html]
[landkit.goodthemes.co/docs/images.html]
[landkit.goodthemes.co/docs/lift.html]
[landkit.goodthemes.co/docs/overlay.html]
[landkit.goodthemes.co/docs/position.html]
[landkit.goodthemes.co/docs/shadows.html]
[landkit.goodthemes.co/docs/sizing.html]
[landkit.goodthemes.co/docs/type.html]
[landkit.goodthemes.co/docs/visibility.html]
[landkit.goodthemes.co/assets/img/screenshots/landkit/figma.jpg]
[landkit.goodthemes.co/docs/figma.html]
[landkit.goodthemes.co/docs/components.html]
[landkit.goodthemes.co/docs/background-2.html]
[landkit.goodthemes.co/docs/borders-2.html]
[landkit.goodthemes.co/docs/images-2.html]
[landkit.goodthemes.co/docs/lift-2.html]
[landkit.goodthemes.co/docs/signin-cover.html]
[landkit.goodthemes.co/docs/signin-illustration.html]
[landkit.goodthemes.co/docs/signin.html]
[landkit.goodthemes.co/docs/signup-cover.html]
[landkit.goodthemes.co/docs/signup-illustration.html]
[landkit.goodthemes.co/docs/signup.html]
[landkit.goodthemes.co/docs/password-reset-cover.html]
[landkit.goodthemes.co/docs/password-reset-illustration.html]
[landkit.goodthemes.co/docs/password-reset.html]
[landkit.goodthemes.co/docs/error-cover.html]
[landkit.goodthemes.co/docs/error-illustration.html]
[landkit.goodthemes.co/docs/error.html]
